// Jest Snapshot v1, https://goo.gl/fbAQLP

exports[`Page: Initial When render page should be exactly like the snapshot 1`] = `
<div>
  <section>
    <h1>
      Vamos começar!
    </h1>
    <form
      class="sc-blHHSb opeqX"
    >
      <input
        class="sc-gtLWhw ggfSGj"
        placeholder="Insira os nomes dos participantes"
        type="text"
        value=""
      />
      <button
        class="sc-egkSDF iDlEkV"
        disabled=""
        type="submit"
      >
        Adicionar
      </button>
    </form>
    <footer
      class="sc-ixGGxD gZDtne"
    >
      <button
        class="sc-kLhKbu fGqRoi"
        data-testid="btnIniciar"
        disabled=""
      >
        Iniciar brincadeira!
      </button>
      <img
        alt="Sacolas de compras"
        src="/images/sacolas.png"
        width="150px"
      />
    </footer>
  </section>
</div>
`;
